<testsuites id="" name="" tests="36" failures="0" skipped="0" errors="0" time="91.613766">
<testsuite name="reservation-flow.spec.ts" timestamp="2025-09-08T06:50:22.447Z" hostname="chromium" tests="7" failures="0" skipped="0" time="77.633" errors="0">
<testcase name="Reservation Flow - Normal › E2E-001: Basic reservation completes" classname="reservation-flow.spec.ts" time="20.77">
</testcase>
<testcase name="Reservation Flow - Normal › E2E-002: Mixed attendees calculates total" classname="reservation-flow.spec.ts" time="19.909">
</testcase>
<testcase name="Reservation Flow - Normal › E2E-004: 90 days advance reservation allowed" classname="reservation-flow.spec.ts" time="15.759">
</testcase>
<testcase name="Reservation Flow - Normal › Reservation Flow - Errors › E2E-008: 91 days advance is disabled" classname="reservation-flow.spec.ts" time="0.867">
</testcase>
<testcase name="Reservation Flow - Normal › Reservation Flow - Errors › E2E-010: Payment decline shows error" classname="reservation-flow.spec.ts" time="19.954">
</testcase>
<testcase name="Payment via Stripe Checkout › E2E-020: Stripe Checkout success" classname="reservation-flow.spec.ts" time="0.201">
</testcase>
<testcase name="Payment via Stripe Checkout › E2E-021: Stripe Checkout decline shows error" classname="reservation-flow.spec.ts" time="0.173">
</testcase>
</testsuite>
<testsuite name="reservation-flow.stripe.spec.ts" timestamp="2025-09-08T06:50:22.447Z" hostname="chromium" tests="2" failures="0" skipped="0" time="1.064" errors="0">
<testcase name="Payment via Stripe Checkout (Mock UI) › E2E-020: Stripe Checkout success" classname="reservation-flow.stripe.spec.ts" time="0.681">
</testcase>
<testcase name="Payment via Stripe Checkout (Mock UI) › E2E-021: Stripe Checkout decline shows error" classname="reservation-flow.stripe.spec.ts" time="0.383">
</testcase>
</testsuite>
<testsuite name="validation.spec.ts" timestamp="2025-09-08T06:50:22.447Z" hostname="chromium" tests="3" failures="0" skipped="0" time="1.914" errors="0">
<testcase name="Validation › 空欄では予約できない" classname="validation.spec.ts" time="1.091">
</testcase>
<testcase name="Validation › メール形式エラー" classname="validation.spec.ts" time="0.608">
</testcase>
<testcase name="Validation › エラーメッセージUI" classname="validation.spec.ts" time="0.215">
</testcase>
</testsuite>
<testsuite name="reservation-flow.spec.ts" timestamp="2025-09-08T06:50:22.447Z" hostname="firefox" tests="7" failures="0" skipped="0" time="79.106" errors="0">
<testcase name="Reservation Flow - Normal › E2E-001: Basic reservation completes" classname="reservation-flow.spec.ts" time="22.013">
</testcase>
<testcase name="Reservation Flow - Normal › E2E-002: Mixed attendees calculates total" classname="reservation-flow.spec.ts" time="19.773">
</testcase>
<testcase name="Reservation Flow - Normal › E2E-004: 90 days advance reservation allowed" classname="reservation-flow.spec.ts" time="15.749">
</testcase>
<testcase name="Reservation Flow - Normal › Reservation Flow - Errors › E2E-008: 91 days advance is disabled" classname="reservation-flow.spec.ts" time="0.98">
</testcase>
<testcase name="Reservation Flow - Normal › Reservation Flow - Errors › E2E-010: Payment decline shows error" classname="reservation-flow.spec.ts" time="19.946">
</testcase>
<testcase name="Payment via Stripe Checkout › E2E-020: Stripe Checkout success" classname="reservation-flow.spec.ts" time="0.326">
</testcase>
<testcase name="Payment via Stripe Checkout › E2E-021: Stripe Checkout decline shows error" classname="reservation-flow.spec.ts" time="0.319">
</testcase>
</testsuite>
<testsuite name="reservation-flow.stripe.spec.ts" timestamp="2025-09-08T06:50:22.447Z" hostname="firefox" tests="2" failures="0" skipped="0" time="1.891" errors="0">
<testcase name="Payment via Stripe Checkout (Mock UI) › E2E-020: Stripe Checkout success" classname="reservation-flow.stripe.spec.ts" time="1.346">
</testcase>
<testcase name="Payment via Stripe Checkout (Mock UI) › E2E-021: Stripe Checkout decline shows error" classname="reservation-flow.stripe.spec.ts" time="0.545">
</testcase>
</testsuite>
<testsuite name="validation.spec.ts" timestamp="2025-09-08T06:50:22.447Z" hostname="firefox" tests="3" failures="0" skipped="0" time="2.693" errors="0">
<testcase name="Validation › 空欄では予約できない" classname="validation.spec.ts" time="1.653">
</testcase>
<testcase name="Validation › メール形式エラー" classname="validation.spec.ts" time="0.595">
</testcase>
<testcase name="Validation › エラーメッセージUI" classname="validation.spec.ts" time="0.445">
</testcase>
</testsuite>
<testsuite name="reservation-flow.spec.ts" timestamp="2025-09-08T06:50:22.447Z" hostname="webkit" tests="7" failures="0" skipped="0" time="78.766" errors="0">
<testcase name="Reservation Flow - Normal › E2E-001: Basic reservation completes" classname="reservation-flow.spec.ts" time="21.228">
</testcase>
<testcase name="Reservation Flow - Normal › E2E-002: Mixed attendees calculates total" classname="reservation-flow.spec.ts" time="19.992">
</testcase>
<testcase name="Reservation Flow - Normal › E2E-004: 90 days advance reservation allowed" classname="reservation-flow.spec.ts" time="15.94">
</testcase>
<testcase name="Reservation Flow - Normal › Reservation Flow - Errors › E2E-008: 91 days advance is disabled" classname="reservation-flow.spec.ts" time="0.957">
</testcase>
<testcase name="Reservation Flow - Normal › Reservation Flow - Errors › E2E-010: Payment decline shows error" classname="reservation-flow.spec.ts" time="20.108">
</testcase>
<testcase name="Payment via Stripe Checkout › E2E-020: Stripe Checkout success" classname="reservation-flow.spec.ts" time="0.28">
</testcase>
<testcase name="Payment via Stripe Checkout › E2E-021: Stripe Checkout decline shows error" classname="reservation-flow.spec.ts" time="0.261">
</testcase>
</testsuite>
<testsuite name="reservation-flow.stripe.spec.ts" timestamp="2025-09-08T06:50:22.447Z" hostname="webkit" tests="2" failures="0" skipped="0" time="1.187" errors="0">
<testcase name="Payment via Stripe Checkout (Mock UI) › E2E-020: Stripe Checkout success" classname="reservation-flow.stripe.spec.ts" time="0.914">
</testcase>
<testcase name="Payment via Stripe Checkout (Mock UI) › E2E-021: Stripe Checkout decline shows error" classname="reservation-flow.stripe.spec.ts" time="0.273">
</testcase>
</testsuite>
<testsuite name="validation.spec.ts" timestamp="2025-09-08T06:50:22.447Z" hostname="webkit" tests="3" failures="0" skipped="0" time="1.476" errors="0">
<testcase name="Validation › 空欄では予約できない" classname="validation.spec.ts" time="0.615">
</testcase>
<testcase name="Validation › メール形式エラー" classname="validation.spec.ts" time="0.6">
</testcase>
<testcase name="Validation › エラーメッセージUI" classname="validation.spec.ts" time="0.261">
</testcase>
</testsuite>
</testsuites>